!screenlayout!\iphone_layout\bsnext.png|!ScreenLayout!\iPhone_Layout\BSNext.png
!screenlayout!\android_tablet_layout\icon_index.png|!ScreenLayout!\Android_Tablet_Layout\icon_index.png
!screenlayout!\android_phone_layout\btn_toc.png|!ScreenLayout!\Android_Phone_Layout\btn_toc.png
fig27_shastareservoirstorage_copy-data.jpg|Fig27_ShastaReservoirStorage_Copy-Data.jpg
figure1-1.jpg|Figure1-1.jpg
!screenlayout!\android_tablet_layout\tocnodepagehover.png|!ScreenLayout!\Android_Tablet_Layout\TOCNodePageHover.png
!screenlayout!\android_tablet_layout\tocnodelinkhover.png|!ScreenLayout!\Android_Tablet_Layout\TOCNodeLinkHover.png
!screenlayout!\ipad_layout\tocnodeopenbook.png|!ScreenLayout!\iPad_Layout\TOCNodeOpenBook.png
!screenlayout!\android_phone_layout\btn_index.png|!ScreenLayout!\Android_Phone_Layout\btn_index.png
fig6_regulations.jpg|Fig6_Regulations.jpg
!screenlayout!\kindle_fire_layout\tocnodeclosebookhover.png|!ScreenLayout!\Kindle_Fire_Layout\TOCNodeCloseBookHover.png
fig4_demands.jpg|Fig4_Demands.jpg
!screenlayout!\iphone_layout\index.png|!ScreenLayout!\iPhone_Layout\index.png
fig7_regulations_borpa.jpg|Fig7_Regulations_BORPA.jpg
!screenlayout!\iphone_layout\tocnodeup.png|!ScreenLayout!\iPhone_Layout\TocNodeUp.png
!screenlayout!\android_tablet_layout\icon_contents_hover.png|!ScreenLayout!\Android_Tablet_Layout\icon_contents_hover.png
!screenlayout!\android_phone_layout\right_arrow.png|!ScreenLayout!\Android_Phone_Layout\right_arrow.png
fig36_shastareservoir_exceedance.jpg|Fig36_ShastaReservoir_Exceedance.jpg
!screenlayout!\ipad_layout\tocnodelinkselected.png|!ScreenLayout!\iPad_Layout\TOCNodeLinkSelected.png
!screenlayout!\android_tablet_layout\mobile.css|!ScreenLayout!\Android_Tablet_Layout\mobile.css
fig34_comparison_two_scenarios.jpg|Fig34_Comparison_Two_Scenarios.jpg
!screenlayout!\iphone_layout\mobile.css|!ScreenLayout!\iPhone_Layout\mobile.css
!screenlayout!\kindle_fire_layout\icon_glossary.png|!ScreenLayout!\Kindle_Fire_Layout\icon_glossary.png
!screenlayout!\iphone_layout\home_default.png|!ScreenLayout!\iPhone_Layout\home_default.png
!screenlayout!\android_tablet_layout\tocnodeopenbookhover.png|!ScreenLayout!\Android_Tablet_Layout\TOCNodeOpenBookHover.png
!language!\en_us\robohhre.lng|RoboHHRE.lng
fig39_shastareservoir_difference_diff_base_plot.jpg|Fig39_ShastaReservoir_Difference_Diff_Base_Plot.jpg
3_scenario_settings_dashboards.htm|3_Scenario_Settings_Dashboards.htm
!screenlayout!\android_tablet_layout\bsnext.png|!ScreenLayout!\Android_Tablet_Layout\BSNext.png
3_2_hydroclimate.htm|3_2_Hydroclimate.htm
!screenlayout!\ipad_layout\tocnodelink.png|!ScreenLayout!\iPad_Layout\TOCNodeLink.png
!screenlayout!\ipad_layout\tocnodeup.png|!ScreenLayout!\iPad_Layout\TocNodeUp.png
!screenlayout!\kindle_fire_layout\tocnodeclosebookselected.png|!ScreenLayout!\Kindle_Fire_Layout\TOCNodeCloseBookSelected.png
3_5_2_d-1641_d-1485_regulations_panel.htm|3_5_2_D-1641_D-1485_Regulations_Panel.htm
fig35_shastareservoir_comparison.jpg|Fig35_ShastaReservoir_Comparison.jpg
fig18_regulations_save-as.jpg|Fig18_Regulations_Save-As.jpg
!screenlayout!\ipad_layout\searchback.png|!ScreenLayout!\iPad_Layout\searchBack.png
!screenlayout!\android_phone_layout\bsback.png|!ScreenLayout!\Android_Phone_Layout\BSBack.png
!screenlayout!\android_tablet_layout\tocnodeup.png|!ScreenLayout!\Android_Tablet_Layout\TocNodeUp.png
!screenlayout!\android_phone_layout\search.png|!ScreenLayout!\Android_Phone_Layout\Search.png
!screenlayout!\ipad_layout\icon_about.png|!ScreenLayout!\iPad_Layout\icon_about.png
!screenlayout!\ipad_layout\tocnodepagehover.png|!ScreenLayout!\iPad_Layout\TOCNodePageHover.png
!screenlayout!\desktop_layout\menu_selected.png|!ScreenLayout!\Desktop_Layout\menu_selected.png
!screenlayout!\desktop_layout\toctreeopenbookhoverselected.png|!ScreenLayout!\Desktop_Layout\TOCTreeOpenBookHoverSelected.png
!screenlayout!\ipad_layout\icon_contents.png|!ScreenLayout!\iPad_Layout\icon_contents.png
image11.gif|image11.gif
!screenlayout!\kindle_fire_layout\tocnodeopenbook.png|!ScreenLayout!\Kindle_Fire_Layout\TOCNodeOpenBook.png
image8.gif|image8.gif
image7.gif|image7.gif
image6.gif|image6.gif
image4.gif|image4.gif
image9.gif|image9.gif
fig33_trinityriver_annualaccumulations.jpg|Fig33_TrinityRiver_AnnualAccumulations.jpg
!screenlayout!\android_tablet_layout\icon_contents.png|!ScreenLayout!\Android_Tablet_Layout\icon_contents.png
!screenlayout!\android_tablet_layout\icon_contact.png|!ScreenLayout!\Android_Tablet_Layout\icon_contact.png
!screenlayout!\ipad_layout\bsback.png|!ScreenLayout!\iPad_Layout\BSBack.png
default.css|default.css
5_tutorial.htm|5_Tutorial.htm
fig31_quickresults_trinityriver.jpg|Fig31_QuickResults_TrinityRiver.jpg
!screenlayout!\iphone_layout\tocnodepagehover.png|!ScreenLayout!\iPhone_Layout\TOCNodePageHover.png
!screenlayout!\iphone_layout\tocnodelinkhover.png|!ScreenLayout!\iPhone_Layout\TOCNodeLinkHover.png
!screenlayout!\android_phone_layout\tocnodeclosebook.png|!ScreenLayout!\Android_Phone_Layout\TOCNodeCloseBook.png
!screenlayout!\ipad_layout\home_default.png|!ScreenLayout!\iPad_Layout\home_default.png
4_3_map_view.htm|4_3_Map_View.htm
4_results_dashboards.htm|4_Results_Dashboards.htm
!screenlayout!\iphone_layout\bg.png|!ScreenLayout!\iPhone_Layout\bg.png
4_1_quick_results.htm|4_1_Quick_Results.htm
!screenlayout!\kindle_fire_layout\bsback.png|!ScreenLayout!\Kindle_Fire_Layout\BSBack.png
!screenlayout!\kindle_fire_layout\bsnext.png|!ScreenLayout!\Kindle_Fire_Layout\BSNext.png
3_5_1_quick_select.htm|3_5_1_Quick_Select.htm
!screenlayout!\desktop_layout\bullet_whatsnew.png|!ScreenLayout!\Desktop_Layout\bullet_whatsnew.png
!screenlayout!\android_tablet_layout\tocnodeclosebookhover.png|!ScreenLayout!\Android_Tablet_Layout\TOCNodeCloseBookHover.png
!screenlayout!\iphone_layout\tocnodeopenbookselected.png|!ScreenLayout!\iPhone_Layout\TOCNodeOpenBookSelected.png
!screenlayout!\kindle_fire_layout\mobile.css|!ScreenLayout!\Kindle_Fire_Layout\mobile.css
!screenlayout!\iphone_layout\bsback.png|!ScreenLayout!\iPhone_Layout\BSBack.png
image14.gif|image14.gif
!screenlayout!\ipad_layout\menu_selected.png|!ScreenLayout!\iPad_Layout\menu_selected.png
fig40_external_pdf.jpg|Fig40_External_PDF.jpg
!screenlayout!\android_phone_layout\btn_home.png|!ScreenLayout!\Android_Phone_Layout\btn_home.png
fig11_custom_results.jpg|Fig11_Custom_Results.jpg
fig17_webmap.jpg|Fig17_WebMap.jpg
!screenlayout!\android_tablet_layout\icon_about.png|!ScreenLayout!\Android_Tablet_Layout\icon_about.png
!screenlayout!\android_phone_layout\tocnodepagehover.png|!ScreenLayout!\Android_Phone_Layout\TOCNodePageHover.png
!screenlayout!\android_phone_layout\tocnodelinkhover.png|!ScreenLayout!\Android_Phone_Layout\TOCNodeLinkHover.png
!screenlayout!\iphone_layout\tocnodeopenbookhover.png|!ScreenLayout!\iPhone_Layout\TOCNodeOpenBookHover.png
!screenlayout!\ipad_layout\bg.png|!ScreenLayout!\iPad_Layout\bg.png
!screenlayout!\desktop_layout\screen.css|!ScreenLayout!\Desktop_Layout\screen.css
!screenlayout!\kindle_fire_layout\icon_contact_hover.png|!ScreenLayout!\Kindle_Fire_Layout\icon_contact_hover.png
!screenlayout!\iphone_layout\glossary.png|!ScreenLayout!\iPhone_Layout\glossary.png
fig14_regulations_sjr.jpg|Fig14_Regulations_SJR.jpg
!screenlayout!\kindle_fire_layout\icon_glossary_hover.png|!ScreenLayout!\Kindle_Fire_Layout\icon_glossary_hover.png
3_5_regulations.htm|3_5_Regulations.htm
!screenlayout!\desktop_layout\search.png|!ScreenLayout!\Desktop_Layout\Search.png
!screenlayout!\kindle_fire_layout\tocnodelink.png|!ScreenLayout!\Kindle_Fire_Layout\TOCNodeLink.png
!screenlayout!\android_phone_layout\tocnodeopenbook.png|!ScreenLayout!\Android_Phone_Layout\TOCNodeOpenBook.png
!screenlayout!\kindle_fire_layout\searchnext.png|!ScreenLayout!\Kindle_Fire_Layout\searchNext.png
!screenlayout!\kindle_fire_layout\tocnodepage.png|!ScreenLayout!\Kindle_Fire_Layout\TOCNodePage.png
3_1_run_settings.htm|3_1_Run_Settings.htm
1_introduction.htm|1_Introduction.htm
fig15_mapview_massbalance.jpg|Fig15_MapView_MassBalance.jpg
!screenlayout!\iphone_layout\tocnodelinkselected.png|!ScreenLayout!\iPhone_Layout\TOCNodeLinkSelected.png
!screenlayout!\ipad_layout\bullet_release.png|!ScreenLayout!\iPad_Layout\bullet_Release.png
!screenlayout!\iphone_layout\menu_selected.png|!ScreenLayout!\iPhone_Layout\menu_selected.png
!screenlayout!\ipad_layout\icon_contact_hover.png|!ScreenLayout!\iPad_Layout\icon_contact_hover.png
!screenlayout!\ipad_layout\searchnexthover.png|!ScreenLayout!\iPad_Layout\searchNextHover.png
!screenlayout!\ipad_layout\icon_index.png|!ScreenLayout!\iPad_Layout\icon_index.png
!screenlayout!\ipad_layout\icon_glossary_hover.png|!ScreenLayout!\iPad_Layout\icon_glossary_hover.png
!screenlayout!\kindle_fire_layout\tocnodeclosebook.png|!ScreenLayout!\Kindle_Fire_Layout\TOCNodeCloseBook.png
!screenlayout!\kindle_fire_layout\tocnodelinkselected.png|!ScreenLayout!\Kindle_Fire_Layout\TOCNodeLinkSelected.png
!screenlayout!\android_tablet_layout\tocnodepage.png|!ScreenLayout!\Android_Tablet_Layout\TOCNodePage.png
!screenlayout!\android_tablet_layout\tocnodelink.png|!ScreenLayout!\Android_Tablet_Layout\TOCNodeLink.png
!screenlayout!\iphone_layout\tocnodeclosebookhover.png|!ScreenLayout!\iPhone_Layout\TOCNodeCloseBookHover.png
3_5_3_biological_opinion_rpas_panel.htm|3_5_3_Biological_Opinion_RPAs_Panel.htm
!screenlayout!\desktop_layout\toctreeclosebookselected.png|!ScreenLayout!\Desktop_Layout\TOCTreeCloseBookSelected.png
!screenlayout!\android_tablet_layout\tocnodepageselected.png|!ScreenLayout!\Android_Tablet_Layout\TOCNodePageSelected.png
!screenlayout!\android_tablet_layout\tocnodelinkselected.png|!ScreenLayout!\Android_Tablet_Layout\TOCNodeLinkSelected.png
fig12_map_view.jpg|Fig12_Map_View.jpg
fig22_regulations_d1641+borpa.jpg|Fig22_Regulations_D1641+BORPA.jpg
!screenlayout!\iphone_layout\searchnexthover.png|!ScreenLayout!\iPhone_Layout\searchNextHover.png
!screenlayout!\android_phone_layout\searchback.png|!ScreenLayout!\Android_Phone_Layout\searchBack.png
!screenlayout!\android_phone_layout\btn_glossary.png|!ScreenLayout!\Android_Phone_Layout\btn_glossary.png
!screenlayout!\iphone_layout\searchbackhover.png|!ScreenLayout!\iPhone_Layout\searchBackHover.png
!screenlayout!\android_phone_layout\searchnext.png|!ScreenLayout!\Android_Phone_Layout\searchNext.png
3_6_operations.htm|3_6_Operations.htm
!screenlayout!\ipad_layout\tocnodepageselected.png|!ScreenLayout!\iPad_Layout\TOCNodePageSelected.png
fig37_shastareservoir_difference.jpg|Fig37_ShastaReservoir_Difference.jpg
!screenlayout!\android_tablet_layout\bsback.png|!ScreenLayout!\Android_Tablet_Layout\BSBack.png
fig10_quick results.jpg|Fig10_Quick_Results.jpg
!screenlayout!\android_tablet_layout\bg01.png|!ScreenLayout!\Android_Tablet_Layout\bg01.png
fig5b_facilities_los vaqueros.jpg|Fig5B_Facilities_Los_Vaqueros.jpg
!screenlayout!\android_tablet_layout\searchback.png|!ScreenLayout!\Android_Tablet_Layout\searchBack.png
!screenlayout!\android_tablet_layout\searchnext.png|!ScreenLayout!\Android_Tablet_Layout\searchNext.png
!screenlayout!\desktop_layout\toctreelink.png|!ScreenLayout!\Desktop_Layout\TOCTreeLink.png
!screenlayout!\desktop_layout\searchback.png|!ScreenLayout!\Desktop_Layout\SearchBack.png
!screenlayout!\desktop_layout\searchnext.png|!ScreenLayout!\Desktop_Layout\searchNext.png
fig21_status-monitor.jpg|Fig21_Status-Monitor.jpg
!screenlayout!\iphone_layout\tocnodepageselected.png|!ScreenLayout!\iPhone_Layout\TOCNodePageSelected.png
!screenlayout!\kindle_fire_layout\icon_contact.png|!ScreenLayout!\Kindle_Fire_Layout\icon_contact.png
!screenlayout!\ipad_layout\searchbackhover.png|!ScreenLayout!\iPad_Layout\searchBackHover.png
!screenlayout!\desktop_layout\bsnext.png|!ScreenLayout!\Desktop_Layout\BSNext.png
!screenlayout!\ipad_layout\search.png|!ScreenLayout!\iPad_Layout\Search.png
!screenlayout!\ipad_layout\icon_index_hover.png|!ScreenLayout!\iPad_Layout\icon_index_hover.png
!screenlayout!\kindle_fire_layout\tocnodepageselected.png|!ScreenLayout!\Kindle_Fire_Layout\TOCNodePageSelected.png
!screenlayout!\android_tablet_layout\tocnodeopenbookselected.png|!ScreenLayout!\Android_Tablet_Layout\TOCNodeOpenBookSelected.png
!screenlayout!\desktop_layout\toctreepage.png|!ScreenLayout!\Desktop_Layout\TOCTreePage.png
fig13_external_pdf.jpg|Fig13_External_PDF.jpg
fig25_shastareservoirstorage.jpg|Fig25_ShastaReservoirStorage.jpg
!screenlayout!\iphone_layout\bullet_release.png|!ScreenLayout!\iPhone_Layout\bullet_Release.png
!screenlayout!\android_tablet_layout\btn_index.png|!ScreenLayout!\Android_Tablet_Layout\btn_index.png
!screenlayout!\kindle_fire_layout\icon_contents.png|!ScreenLayout!\Kindle_Fire_Layout\icon_contents.png
!screenlayout!\ipad_layout\icon_contact.png|!ScreenLayout!\iPad_Layout\icon_contact.png
!screenlayout!\ipad_layout\icon_glossary.png|!ScreenLayout!\iPad_Layout\icon_glossary.png
!screenlayout!\android_tablet_layout\icon_glossary.png|!ScreenLayout!\Android_Tablet_Layout\icon_glossary.png
!screenlayout!\desktop_layout\toctreeopenbookhover.png|!ScreenLayout!\Desktop_Layout\TOCTreeOpenBookHover.png
!screenlayout!\kindle_fire_layout\icon_index_hover.png|!ScreenLayout!\Kindle_Fire_Layout\icon_index_hover.png
!screenlayout!\android_tablet_layout\btn_home.png|!ScreenLayout!\Android_Tablet_Layout\btn_home.png
callite_gui_3-00_help_102114.ali|CalLite_GUI_3-00_Help_102114.ali
!screenlayout!\iphone_layout\tocnodeopenbook.png|!ScreenLayout!\iPhone_Layout\TOCNodeOpenBook.png
!screenlayout!\android_phone_layout\tocnodeopenbookhover.png|!ScreenLayout!\Android_Phone_Layout\TOCNodeOpenBookHover.png
callite_gui_3-00_help_102114.trs|CalLite_GUI_3-00_Help_102114.trs
callite_gui_3-00_help_102114.brs|CalLite_GUI_3-00_Help_102114.brs
callite_gui_3-00_help_102114.hha|CalLite_GUI_3-00_Help_102114_hha.hhk
callite_gui_3-00_help_102114.hhp|CalLite_GUI_3-00_Help_102114.hhp
!screenlayout!\desktop_layout\toctreeclosebookhover.png|!ScreenLayout!\Desktop_Layout\TOCTreeCloseBookHover.png
!screenlayout!\desktop_layout\bsback.png|!ScreenLayout!\Desktop_Layout\BSBack.png
fig3_hydroclimate.jpg|Fig3_Hydroclimate.jpg
fig20_scenario_description_box.jpg|Fig20_Scenario_Description_Box.jpg
!screenlayout!\desktop_layout\toctreepagehover.png|!ScreenLayout!\Desktop_Layout\TOCTreePageHover.png
!screenlayout!\desktop_layout\toctreelinkhover.png|!ScreenLayout!\Desktop_Layout\TOCTreeLinkHover.png
!screenlayout!\kindle_fire_layout\icon_about.png|!ScreenLayout!\Kindle_Fire_Layout\icon_about.png
!screenlayout!\kindle_fire_layout\tocnodeup.png|!ScreenLayout!\Kindle_Fire_Layout\TocNodeUp.png
!screenlayout!\ipad_layout\searchnext.png|!ScreenLayout!\iPad_Layout\searchNext.png
3_3_demands.htm|3_3_Demands.htm
5_2_viewing_results.htm|5_2_Viewing_Results.htm
!screenlayout!\android_tablet_layout\tocnodeopenbook.png|!ScreenLayout!\Android_Tablet_Layout\TOCNodeOpenBook.png
fig29_monthly-report-table.jpg|Fig29_Monthly-Report-Table.jpg
!screenlayout!\android_tablet_layout\icon_index_hover.png|!ScreenLayout!\Android_Tablet_Layout\icon_index_hover.png
!screenlayout!\android_phone_layout\bg01.png|!ScreenLayout!\Android_Phone_Layout\bg01.png
!screenlayout!\desktop_layout\header_background.png|!ScreenLayout!\Desktop_Layout\header_background.png
!screenlayout!\kindle_fire_layout\icon_index.png|!ScreenLayout!\Kindle_Fire_Layout\icon_index.png
ehlpdhtm.js|ehlpdhtm.js
fig5a_facilities_shasta.jpg|Fig5A_Facilities_Shasta.jpg
fig32_trinityriver-time-series.jpg|Fig32_TrinityRiver-Time-Series.jpg
!screenlayout!\android_tablet_layout\tocnodeclosebook.png|!ScreenLayout!\Android_Tablet_Layout\TOCNodeCloseBook.png
!screenlayout!\ipad_layout\tocnodelinkhover.png|!ScreenLayout!\iPad_Layout\TOCNodeLinkHover.png
!screenlayout!\kindle_fire_layout\tocnodelinkhover.png|!ScreenLayout!\Kindle_Fire_Layout\TOCNodeLinkHover.png
fig1_callitecover.jpg|Fig1_CalLiteCover.jpg
!screenlayout!\iphone_layout\tocnodeclosebook.png|!ScreenLayout!\iPhone_Layout\TOCNodeCloseBook.png
!screenlayout!\desktop_layout\bullet_release.png|!ScreenLayout!\Desktop_Layout\bullet_Release.png
!screenlayout!\kindle_fire_layout\icon_contents_hover.png|!ScreenLayout!\Kindle_Fire_Layout\icon_contents_hover.png
!screenlayout!\iphone_layout\searchback.png|!ScreenLayout!\iPhone_Layout\searchBack.png
5_1_creating_scenarios.htm|5_1_Creating_Scenarios.htm
!screenlayout!\ipad_layout\icon_contents_hover.png|!ScreenLayout!\iPad_Layout\icon_contents_hover.png
!screenlayout!\iphone_layout\searchnext.png|!ScreenLayout!\iPhone_Layout\searchNext.png
!screenlayout!\iphone_layout\bullet_whatsnew.png|!ScreenLayout!\iPhone_Layout\bullet_whatsnew.png
!screenlayout!\ipad_layout\tocnodeopenbookselected.png|!ScreenLayout!\iPad_Layout\TOCNodeOpenBookSelected.png
!screenlayout!\android_phone_layout\mobile.css|!ScreenLayout!\Android_Phone_Layout\mobile.css
!screenlayout!\ipad_layout\tocnodeclosebook.png|!ScreenLayout!\iPad_Layout\TOCNodeCloseBook.png
!screenlayout!\ipad_layout\tocnodepage.png|!ScreenLayout!\iPad_Layout\TOCNodePage.png
fig8_regulations_others.jpg|Fig8_Regulations_Others.jpg
!screenlayout!\kindle_fire_layout\bg01.png|!ScreenLayout!\Kindle_Fire_Layout\bg01.png
!screenlayout!\android_tablet_layout\tocnodeclosebookselected.png|!ScreenLayout!\Android_Tablet_Layout\TOCNodeCloseBookSelected.png
image12.gif|image12.gif
!screenlayout!\android_tablet_layout\right_arrow_w.png|!ScreenLayout!\Android_Tablet_Layout\right_arrow_W.png
!screenlayout!\ipad_layout\bsnext.png|!ScreenLayout!\iPad_Layout\BSNext.png
!screenlayout!\kindle_fire_layout\searchback.png|!ScreenLayout!\Kindle_Fire_Layout\searchBack.png
!screenlayout!\ipad_layout\icon_about_hover.png|!ScreenLayout!\iPad_Layout\icon_about_hover.png
!screenlayout!\android_phone_layout\tocnodepageselected.png|!ScreenLayout!\Android_Phone_Layout\TOCNodePageSelected.png
!screenlayout!\android_phone_layout\tocnodelinkselected.png|!ScreenLayout!\Android_Phone_Layout\TOCNodeLinkSelected.png
fig26_shastareservoirstorage_exceedance.jpg|Fig26_ShastaReservoirStorage_Exceedance.jpg
!screenlayout!\desktop_layout\print.png|!ScreenLayout!\Desktop_Layout\Print.png
!screenlayout!\android_phone_layout\tocnodeup.png|!ScreenLayout!\Android_Phone_Layout\TocNodeUp.png
!screenlayout!\android_tablet_layout\search.png|!ScreenLayout!\Android_Tablet_Layout\Search.png
3_5_5_other_regulations_panel.htm|3_5_5_Other_Regulations_Panel.htm
!screenlayout!\iphone_layout\search.png|!ScreenLayout!\iPhone_Layout\Search.png
!screenlayout!\desktop_layout\toctreeopenbook.png|!ScreenLayout!\Desktop_Layout\TOCTreeOpenBook.png
fig24_quickresults_report-list.jpg|Fig24_QuickResults_Report-List.jpg
!screenlayout!\android_tablet_layout\btn_glossary.png|!ScreenLayout!\Android_Tablet_Layout\btn_glossary.png
!screenlayout!\ipad_layout\mobile.css|!ScreenLayout!\iPad_Layout\mobile.css
4_2_custom_results.htm|4_2_Custom_Results.htm
image10.gif|image10.gif
fig9_operations.jpg|Fig9_Operations.jpg
!screenlayout!\kindle_fire_layout\tocnodeopenbookhover.png|!ScreenLayout!\Kindle_Fire_Layout\TOCNodeOpenBookHover.png
!screenlayout!\desktop_layout\contentholder_background.png|!ScreenLayout!\Desktop_Layout\contentholder_background.png
!screenlayout!\android_tablet_layout\icon_about_hover.png|!ScreenLayout!\Android_Tablet_Layout\icon_about_hover.png
!screenlayout!\kindle_fire_layout\tocnodeopenbookselected.png|!ScreenLayout!\Kindle_Fire_Layout\TOCNodeOpenBookSelected.png
!screenlayout!\android_phone_layout\tocnodepage.png|!ScreenLayout!\Android_Phone_Layout\TOCNodePage.png
!screenlayout!\android_phone_layout\tocnodelink.png|!ScreenLayout!\Android_Phone_Layout\TOCNodeLink.png
!screenlayout!\ipad_layout\tocnodeopenbookhover.png|!ScreenLayout!\iPad_Layout\TOCNodeOpenBookHover.png
!screenlayout!\android_phone_layout\tocnodeclosebookhover.png|!ScreenLayout!\Android_Phone_Layout\TOCNodeCloseBookHover.png
<<reservedfile>>0|CalLite_GUI_3.00_Help.hs
!screenlayout!\android_phone_layout\tocnodeopenbookselected.png|!ScreenLayout!\Android_Phone_Layout\TOCNodeOpenBookSelected.png
!screenlayout!\iphone_layout\tocnodepage.png|!ScreenLayout!\iPhone_Layout\TOCNodePage.png
!screenlayout!\iphone_layout\tocnodelink.png|!ScreenLayout!\iPhone_Layout\TOCNodeLink.png
!screenlayout!\android_tablet_layout\icon_contact_hover.png|!ScreenLayout!\Android_Tablet_Layout\icon_contact_hover.png
callite_gui3_help_mapid.h|CalLite_GUI3_Help_MapID.h
2_main_menu_options.htm|2_Main_Menu_Options.htm
fig16_google map.jpg|Fig16_Google_Map.jpg
!screenlayout!\desktop_layout\toctreeclosebook.png|!ScreenLayout!\Desktop_Layout\TOCTreeCloseBook.png
4_5_web_map.htm|4_5_Web_Map.htm
!screenlayout!\ipad_layout\tocnodeclosebookselected.png|!ScreenLayout!\iPad_Layout\TOCNodeCloseBookSelected.png
!screenlayout!\kindle_fire_layout\tocnodepagehover.png|!ScreenLayout!\Kindle_Fire_Layout\TOCNodePageHover.png
!screenlayout!\kindle_fire_layout\search.png|!ScreenLayout!\Kindle_Fire_Layout\Search.png
!screenlayout!\desktop_layout\bg.png|!ScreenLayout!\Desktop_Layout\bg.png
fig38_shastareservoir_difference_plot.jpg|Fig38_ShastaReservoir_Difference_Plot.jpg
4_4_external_pdf.htm|4_4_External_PDF.htm
!screenlayout!\android_tablet_layout\btn_toc.png|!ScreenLayout!\Android_Tablet_Layout\btn_toc.png
fig30_summary-report-table.jpg|Fig30_Summary-Report-Table.jpg
!screenlayout!\iphone_layout\toc.png|!ScreenLayout!\iPhone_Layout\toc.png
fig23_quickresults_loading-dss.jpg|Fig23_QuickResults_Loading-DSS.jpg
3_5_4_sjr_controls_panel.htm|3_5_4_SJR_Controls_Panel.htm
image13.gif|image13.gif
!screenlayout!\desktop_layout\toctreelinkselected.png|!ScreenLayout!\Desktop_Layout\TOCTreeLinkSelected.png
!screenlayout!\desktop_layout\toctreepageselected.png|!ScreenLayout!\Desktop_Layout\TOCTreePageSelected.png
image15.gif|image15.gif
!screenlayout!\kindle_fire_layout\btn_home.png|!ScreenLayout!\Kindle_Fire_Layout\btn_home.png
fig41_external_pdf_sample_page.jpg|Fig41_External_PDF_Sample_Page.jpg
fig19_regulations_savingd1641.jpg|Fig19_Regulations_SavingD1641.jpg
3_4_facilities.htm|3_4_Facilities.htm
!screenlayout!\ipad_layout\bullet_whatsnew.png|!ScreenLayout!\iPad_Layout\bullet_whatsnew.png
!screenlayout!\android_phone_layout\tocnodeclosebookselected.png|!ScreenLayout!\Android_Phone_Layout\TOCNodeCloseBookSelected.png
cover_page.htm|Cover_Page.htm
callite-gui-3-help_v1.2.0.glo|CalLite_GUI_3-00_Help_102114.glo
bsscdefault.h|BSSCDefault.h
callite-gui-3-help_v1.2.0.hhk|CalLite_GUI_3-00_Help_102114.hhk
callite-gui-3-help_v1.2.0.hhc|CalLite_GUI_3-00_Help_102114.hhc
fig28_shastareservoirstorgae_paste-data.jpg|Fig28_ShastaReservoirStorgae_Paste-Data.jpg
!screenlayout!\android_phone_layout\bsnext.png|!ScreenLayout!\Android_Phone_Layout\BSNext.png
!screenlayout!\kindle_fire_layout\icon_about_hover.png|!ScreenLayout!\Kindle_Fire_Layout\icon_about_hover.png
!screenlayout!\ipad_layout\tocnodeclosebookhover.png|!ScreenLayout!\iPad_Layout\TOCNodeCloseBookHover.png
!screenlayout!\desktop_layout\searchbackhover.png|!ScreenLayout!\Desktop_Layout\SearchBackHover.png
!screenlayout!\desktop_layout\searchnexthover.png|!ScreenLayout!\Desktop_Layout\searchNextHover.png
!screenlayout!\android_tablet_layout\icon_glossary_hover.png|!ScreenLayout!\Android_Tablet_Layout\icon_glossary_hover.png
!screenlayout!\iphone_layout\tocnodeclosebookselected.png|!ScreenLayout!\iPhone_Layout\TOCNodeCloseBookSelected.png
